../Core/Src/MIDI/MIDI.c:25:6:MIDILoop	16	static
../Core/Src/MIDI/MIDI.c:64:9:IdentifyRow	24	static
../Core/Src/MIDI/MIDI.c:78:6:WriteControl	24	static
../Core/Src/MIDI/MIDI.c:90:6:ControlsUser	16	static
../Core/Src/MIDI/MIDI.c:106:6:volumeUp	8	static
../Core/Src/MIDI/MIDI.c:112:6:volumeDown	8	static
../Core/Src/MIDI/MIDI.c:123:6:vibrato	16	static
../Core/Src/MIDI/MIDI.c:154:6:Send_MIDINoteOn_1_WithVolume	64	static
../Core/Src/MIDI/MIDI.c:216:6:Send_MIDINoteOff_1	64	static
../Core/Src/MIDI/MIDI.c:277:6:Send_MIDINoteOn_2WithVolume	64	static
../Core/Src/MIDI/MIDI.c:338:6:Send_MIDINoteOff_2	64	static
