../Core/Src/MIDI/MIDI.c:40:6:MIDILoop	16	static
../Core/Src/MIDI/MIDI.c:82:6:delay	16	static
../Core/Src/MIDI/MIDI.c:88:9:IdentifyRow	24	static
../Core/Src/MIDI/MIDI.c:103:6:WriteControl	24	static
../Core/Src/MIDI/MIDI.c:115:6:ControlsUser	16	static
../Core/Src/MIDI/MIDI.c:136:6:Up	4	static
../Core/Src/MIDI/MIDI.c:150:6:Down	4	static
../Core/Src/MIDI/MIDI.c:164:6:Vibrato	16	static
../Core/Src/MIDI/MIDI.c:181:9:VolumeControl	8	static
../Core/Src/MIDI/MIDI.c:188:9:Octavacion	8	static
../Core/Src/MIDI/MIDI.c:197:6:Send_MIDINoteOn_1	24	static
../Core/Src/MIDI/MIDI.c:223:6:Send_MIDINoteOff_1	24	static
../Core/Src/MIDI/MIDI.c:248:6:Send_MIDINoteOn_2	24	static
../Core/Src/MIDI/MIDI.c:273:6:Send_MIDINoteOff_2	24	static
