../Core/Src/MIDI/MIDI.c:37:6:MIDILoop	16	static
../Core/Src/MIDI/MIDI.c:80:9:IdentifyRow	24	static
../Core/Src/MIDI/MIDI.c:95:6:WriteControl	24	static
../Core/Src/MIDI/MIDI.c:107:6:ControlsUser	16	static
../Core/Src/MIDI/MIDI.c:128:6:Up	4	static
../Core/Src/MIDI/MIDI.c:142:6:Down	4	static
../Core/Src/MIDI/MIDI.c:156:6:Vibrato	16	static
../Core/Src/MIDI/MIDI.c:171:9:VolumeControl	8	static
../Core/Src/MIDI/MIDI.c:178:9:Octavacion	8	static
../Core/Src/MIDI/MIDI.c:187:6:Send_MIDINoteOn_1	24	static
../Core/Src/MIDI/MIDI.c:213:6:Send_MIDINoteOff_1	24	static
../Core/Src/MIDI/MIDI.c:238:6:Send_MIDINoteOn_2	24	static
../Core/Src/MIDI/MIDI.c:263:6:Send_MIDINoteOff_2	24	static
