../Core/Src/MIDI/MIDI.c:38:6:MIDILoop	16	static
../Core/Src/MIDI/MIDI.c:81:9:IdentifyRow	24	static
../Core/Src/MIDI/MIDI.c:96:6:WriteControl	24	static
../Core/Src/MIDI/MIDI.c:108:6:ControlsUser	16	static
../Core/Src/MIDI/MIDI.c:129:6:Up	4	static
../Core/Src/MIDI/MIDI.c:143:6:Down	4	static
../Core/Src/MIDI/MIDI.c:157:6:Vibrato	16	static
../Core/Src/MIDI/MIDI.c:172:9:VolumeControl	8	static
../Core/Src/MIDI/MIDI.c:177:9:Octavacion	8	static
../Core/Src/MIDI/MIDI.c:184:6:Send_MIDINoteOn_1	24	static
../Core/Src/MIDI/MIDI.c:210:6:Send_MIDINoteOff_1	24	static
../Core/Src/MIDI/MIDI.c:235:6:Send_MIDINoteOn_2	24	static
../Core/Src/MIDI/MIDI.c:260:6:Send_MIDINoteOff_2	24	static
