20:08:29 **** Incremental Build of configuration Debug for project versionConTimer ****
make -j8 all 
arm-none-eabi-gcc "../Core/Src/MIDI/MIDI.c" -mcpu=cortex-m4 -std=gnu11 -g3 -DDEBUG -DUSE_HAL_DRIVER -DSTM32F446xx -c -I../Core/Inc -I../Drivers/STM32F4xx_HAL_Driver/Inc -I../Drivers/STM32F4xx_HAL_Driver/Inc/Legacy -I../Drivers/CMSIS/Device/ST/STM32F4xx/Include -I../Drivers/CMSIS/Include -O0 -ffunction-sections -fdata-sections -Wall -fstack-usage -fcyclomatic-complexity -MMD -MP -MF"Core/Src/MIDI/MIDI.d" -MT"Core/Src/MIDI/MIDI.o" --specs=nano.specs -mfpu=fpv4-sp-d16 -mfloat-abi=hard -mthumb -o "Core/Src/MIDI/MIDI.o"
arm-none-eabi-gcc "../Core/Src/main.c" -mcpu=cortex-m4 -std=gnu11 -g3 -DDEBUG -DUSE_HAL_DRIVER -DSTM32F446xx -c -I../Core/Inc -I../Drivers/STM32F4xx_HAL_Driver/Inc -I../Drivers/STM32F4xx_HAL_Driver/Inc/Legacy -I../Drivers/CMSIS/Device/ST/STM32F4xx/Include -I../Drivers/CMSIS/Include -O0 -ffunction-sections -fdata-sections -Wall -fstack-usage -fcyclomatic-complexity -MMD -MP -MF"Core/Src/main.d" -MT"Core/Src/main.o" --specs=nano.specs -mfpu=fpv4-sp-d16 -mfloat-abi=hard -mthumb -o "Core/Src/main.o"
arm-none-eabi-gcc "../Core/Src/stm32f4xx_hal_msp.c" -mcpu=cortex-m4 -std=gnu11 -g3 -DDEBUG -DUSE_HAL_DRIVER -DSTM32F446xx -c -I../Core/Inc -I../Drivers/STM32F4xx_HAL_Driver/Inc -I../Drivers/STM32F4xx_HAL_Driver/Inc/Legacy -I../Drivers/CMSIS/Device/ST/STM32F4xx/Include -I../Drivers/CMSIS/Include -O0 -ffunction-sections -fdata-sections -Wall -fstack-usage -fcyclomatic-complexity -MMD -MP -MF"Core/Src/stm32f4xx_hal_msp.d" -MT"Core/Src/stm32f4xx_hal_msp.o" --specs=nano.specs -mfpu=fpv4-sp-d16 -mfloat-abi=hard -mthumb -o "Core/Src/stm32f4xx_hal_msp.o"
arm-none-eabi-gcc "../Core/Src/stm32f4xx_it.c" -mcpu=cortex-m4 -std=gnu11 -g3 -DDEBUG -DUSE_HAL_DRIVER -DSTM32F446xx -c -I../Core/Inc -I../Drivers/STM32F4xx_HAL_Driver/Inc -I../Drivers/STM32F4xx_HAL_Driver/Inc/Legacy -I../Drivers/CMSIS/Device/ST/STM32F4xx/Include -I../Drivers/CMSIS/Include -O0 -ffunction-sections -fdata-sections -Wall -fstack-usage -fcyclomatic-complexity -MMD -MP -MF"Core/Src/stm32f4xx_it.d" -MT"Core/Src/stm32f4xx_it.o" --specs=nano.specs -mfpu=fpv4-sp-d16 -mfloat-abi=hard -mthumb -o "Core/Src/stm32f4xx_it.o"
arm-none-eabi-gcc -o "versionConTimer.elf" @"objects.list"   -mcpu=cortex-m4 -T"C:\Users\andep\STM32CubeIDE\workspace_TFG\versionConTimer\STM32F446RETX_FLASH.ld" --specs=nosys.specs -Wl,-Map="versionConTimer.map" -Wl,--gc-sections -static --specs=nano.specs -mfpu=fpv4-sp-d16 -mfloat-abi=hard -mthumb -Wl,--start-group -lc -lm -Wl,--end-group
Finished building target: versionConTimer.elf
 
arm-none-eabi-size   versionConTimer.elf 
arm-none-eabi-objdump -h -S  versionConTimer.elf  > "versionConTimer.list"
   text	   data	    bss	    dec	    hex	filename
  12676	     24	   1832	  14532	   38c4	versionConTimer.elf
Finished building: default.size.stdout
 
Finished building: versionConTimer.list
 
20:08:35 **** Incremental Build of configuration Debug for project versionConTimer ****
make -j8 all 
arm-none-eabi-size   versionConTimer.elf 
   text	   data	    bss	    dec	    hex	filename
  12676	     24	   1832	  14532	   38c4	versionConTimer.elf
Finished building: default.size.stdout
 
11:39:26 **** Build of configuration Debug for project versionConTimer ****
make -j8 all 
arm-none-eabi-gcc "../Core/Src/MIDI/MIDI.c" -mcpu=cortex-m4 -std=gnu11 -g3 -DDEBUG -DUSE_HAL_DRIVER -DSTM32F446xx -c -I../Core/Inc -I../Drivers/STM32F4xx_HAL_Driver/Inc -I../Drivers/STM32F4xx_HAL_Driver/Inc/Legacy -I../Drivers/CMSIS/Device/ST/STM32F4xx/Include -I../Drivers/CMSIS/Include -O0 -ffunction-sections -fdata-sections -Wall -fstack-usage -fcyclomatic-complexity -MMD -MP -MF"Core/Src/MIDI/MIDI.d" -MT"Core/Src/MIDI/MIDI.o" --specs=nano.specs -mfpu=fpv4-sp-d16 -mfloat-abi=hard -mthumb -o "Core/Src/MIDI/MIDI.o"
arm-none-eabi-gcc "../Core/Src/main.c" -mcpu=cortex-m4 -std=gnu11 -g3 -DDEBUG -DUSE_HAL_DRIVER -DSTM32F446xx -c -I../Core/Inc -I../Drivers/STM32F4xx_HAL_Driver/Inc -I../Drivers/STM32F4xx_HAL_Driver/Inc/Legacy -I../Drivers/CMSIS/Device/ST/STM32F4xx/Include -I../Drivers/CMSIS/Include -O0 -ffunction-sections -fdata-sections -Wall -fstack-usage -fcyclomatic-complexity -MMD -MP -MF"Core/Src/main.d" -MT"Core/Src/main.o" --specs=nano.specs -mfpu=fpv4-sp-d16 -mfloat-abi=hard -mthumb -o "Core/Src/main.o"
arm-none-eabi-gcc "../Core/Src/stm32f4xx_hal_msp.c" -mcpu=cortex-m4 -std=gnu11 -g3 -DDEBUG -DUSE_HAL_DRIVER -DSTM32F446xx -c -I../Core/Inc -I../Drivers/STM32F4xx_HAL_Driver/Inc -I../Drivers/STM32F4xx_HAL_Driver/Inc/Legacy -I../Drivers/CMSIS/Device/ST/STM32F4xx/Include -I../Drivers/CMSIS/Include -O0 -ffunction-sections -fdata-sections -Wall -fstack-usage -fcyclomatic-complexity -MMD -MP -MF"Core/Src/stm32f4xx_hal_msp.d" -MT"Core/Src/stm32f4xx_hal_msp.o" --specs=nano.specs -mfpu=fpv4-sp-d16 -mfloat-abi=hard -mthumb -o "Core/Src/stm32f4xx_hal_msp.o"
arm-none-eabi-gcc "../Core/Src/stm32f4xx_it.c" -mcpu=cortex-m4 -std=gnu11 -g3 -DDEBUG -DUSE_HAL_DRIVER -DSTM32F446xx -c -I../Core/Inc -I../Drivers/STM32F4xx_HAL_Driver/Inc -I../Drivers/STM32F4xx_HAL_Driver/Inc/Legacy -I../Drivers/CMSIS/Device/ST/STM32F4xx/Include -I../Drivers/CMSIS/Include -O0 -ffunction-sections -fdata-sections -Wall -fstack-usage -fcyclomatic-complexity -MMD -MP -MF"Core/Src/stm32f4xx_it.d" -MT"Core/Src/stm32f4xx_it.o" --specs=nano.specs -mfpu=fpv4-sp-d16 -mfloat-abi=hard -mthumb -o "Core/Src/stm32f4xx_it.o"
arm-none-eabi-gcc -o "versionConTimer.elf" @"objects.list"   -mcpu=cortex-m4 -T"C:\Users\andep\STM32CubeIDE\workspace_TFG\versionConTimer\STM32F446RETX_FLASH.ld" --specs=nosys.specs -Wl,-Map="versionConTimer.map" -Wl,--gc-sections -static --specs=nano.specs -mfpu=fpv4-sp-d16 -mfloat-abi=hard -mthumb -Wl,--start-group -lc -lm -Wl,--end-group
Finished building target: versionConTimer.elf
 
arm-none-eabi-size   versionConTimer.elf 
arm-none-eabi-objdump -h -S  versionConTimer.elf  > "versionConTimer.list"
   text	   data	    bss	    dec	    hex	filename
  12676	     24	   1832	  14532	   38c4	versionConTimer.elf
Finished building: default.size.stdout
 
Finished building: versionConTimer.list
 
19:06:05 **** Incremental Build of configuration Debug for project versionConTimer ****
make -j8 all 
arm-none-eabi-size   versionConTimer.elf 
   text	   data	    bss	    dec	    hex	filename
  12676	     24	   1832	  14532	   38c4	versionConTimer.elf
Finished building: default.size.stdout
 
19:28:34 **** Incremental Build of configuration Debug for project versionConTimer ****
make -j8 all 
arm-none-eabi-size   versionConTimer.elf 
   text	   data	    bss	    dec	    hex	filename
  12676	     24	   1832	  14532	   38c4	versionConTimer.elf
Finished building: default.size.stdout
 
19:28:55 **** Incremental Build of configuration Debug for project versionConTimer ****
make -j8 all 
arm-none-eabi-size   versionConTimer.elf 
   text	   data	    bss	    dec	    hex	filename
  12676	     24	   1832	  14532	   38c4	versionConTimer.elf
Finished building: default.size.stdout
 
19:29:47 **** Incremental Build of configuration Debug for project versionConTimer ****
make -j8 all 
arm-none-eabi-size   versionConTimer.elf 
   text	   data	    bss	    dec	    hex	filename
  12676	     24	   1832	  14532	   38c4	versionConTimer.elf
Finished building: default.size.stdout
 
19:30:01 **** Incremental Build of configuration Debug for project versionConTimer ****
make -j8 all 
arm-none-eabi-size   versionConTimer.elf 
   text	   data	    bss	    dec	    hex	filename
  12676	     24	   1832	  14532	   38c4	versionConTimer.elf
Finished building: default.size.stdout
 
18:26:14 **** Build of configuration Debug for project versionConTimer ****
make -j8 all 
arm-none-eabi-gcc "../Core/Src/MIDI/MIDI.c" -mcpu=cortex-m4 -std=gnu11 -g3 -DDEBUG -DUSE_HAL_DRIVER -DSTM32F446xx -c -I../Core/Inc -I../Drivers/STM32F4xx_HAL_Driver/Inc -I../Drivers/STM32F4xx_HAL_Driver/Inc/Legacy -I../Drivers/CMSIS/Device/ST/STM32F4xx/Include -I../Drivers/CMSIS/Include -O0 -ffunction-sections -fdata-sections -Wall -fstack-usage -fcyclomatic-complexity -MMD -MP -MF"Core/Src/MIDI/MIDI.d" -MT"Core/Src/MIDI/MIDI.o" --specs=nano.specs -mfpu=fpv4-sp-d16 -mfloat-abi=hard -mthumb -o "Core/Src/MIDI/MIDI.o"
arm-none-eabi-gcc -o "versionConTimer.elf" @"objects.list"   -mcpu=cortex-m4 -T"C:\Users\andep\STM32CubeIDE\workspace_TFG\versionConTimer\STM32F446RETX_FLASH.ld" --specs=nosys.specs -Wl,-Map="versionConTimer.map" -Wl,--gc-sections -static --specs=nano.specs -mfpu=fpv4-sp-d16 -mfloat-abi=hard -mthumb -Wl,--start-group -lc -lm -Wl,--end-group
Finished building target: versionConTimer.elf
 
arm-none-eabi-size   versionConTimer.elf 
arm-none-eabi-objdump -h -S  versionConTimer.elf  > "versionConTimer.list"
   text	   data	    bss	    dec	    hex	filename
  12700	     24	   1832	  14556	   38dc	versionConTimer.elf
Finished building: default.size.stdout
 
Finished building: versionConTimer.list
 
18:28:20 **** Incremental Build of configuration Debug for project versionConTimer ****
make -j8 all 
arm-none-eabi-size   versionConTimer.elf 
   text	   data	    bss	    dec	    hex	filename
  12700	     24	   1832	  14556	   38dc	versionConTimer.elf
Finished building: default.size.stdout
 
18:31:28 **** Incremental Build of configuration Debug for project versionConTimer ****
make -j8 all 
arm-none-eabi-size   versionConTimer.elf 
   text	   data	    bss	    dec	    hex	filename
  12700	     24	   1832	  14556	   38dc	versionConTimer.elf
Finished building: default.size.stdout
 
18:32:36 **** Incremental Build of configuration Debug for project versionConTimer ****
make -j8 all 
arm-none-eabi-size   versionConTimer.elf 
   text	   data	    bss	    dec	    hex	filename
  12700	     24	   1832	  14556	   38dc	versionConTimer.elf
Finished building: default.size.stdout
 
