23:41:44 **** Build of configuration Debug for project version6 ****
make -j8 all 
arm-none-eabi-gcc "../Core/Src/MIDI/MIDI.c" -mcpu=cortex-m4 -std=gnu11 -g3 -DDEBUG -DUSE_HAL_DRIVER -DSTM32F446xx -c -I../Core/Inc -I../Drivers/STM32F4xx_HAL_Driver/Inc -I../Drivers/STM32F4xx_HAL_Driver/Inc/Legacy -I../Drivers/CMSIS/Device/ST/STM32F4xx/Include -I../Drivers/CMSIS/Include -O0 -ffunction-sections -fdata-sections -Wall -fstack-usage -fcyclomatic-complexity -MMD -MP -MF"Core/Src/MIDI/MIDI.d" -MT"Core/Src/MIDI/MIDI.o" --specs=nano.specs -mfpu=fpv4-sp-d16 -mfloat-abi=hard -mthumb -o "Core/Src/MIDI/MIDI.o"
arm-none-eabi-gcc -o "version6.elf" @"objects.list"   -mcpu=cortex-m4 -T"C:\Users\andep\STM32CubeIDE\workspace_TFG\version6\STM32F446RETX_FLASH.ld" --specs=nosys.specs -Wl,-Map="version6.map" -Wl,--gc-sections -static --specs=nano.specs -mfpu=fpv4-sp-d16 -mfloat-abi=hard -mthumb -Wl,--start-group -lc -lm -Wl,--end-group
Finished building target: version6.elf
 
arm-none-eabi-size   version6.elf 
arm-none-eabi-objdump -h -S  version6.elf  > "version6.list"
   text	   data	    bss	    dec	    hex	filename
  10656	     24	   1760	  12440	   3098	version6.elf
Finished building: default.size.stdout
 
Finished building: version6.list
 
23:42:46 **** Incremental Build of configuration Debug for project version6 ****
make -j8 all 
arm-none-eabi-gcc "../Core/Src/MIDI/MIDI.c" -mcpu=cortex-m4 -std=gnu11 -g3 -DDEBUG -DUSE_HAL_DRIVER -DSTM32F446xx -c -I../Core/Inc -I../Drivers/STM32F4xx_HAL_Driver/Inc -I../Drivers/STM32F4xx_HAL_Driver/Inc/Legacy -I../Drivers/CMSIS/Device/ST/STM32F4xx/Include -I../Drivers/CMSIS/Include -O0 -ffunction-sections -fdata-sections -Wall -fstack-usage -fcyclomatic-complexity -MMD -MP -MF"Core/Src/MIDI/MIDI.d" -MT"Core/Src/MIDI/MIDI.o" --specs=nano.specs -mfpu=fpv4-sp-d16 -mfloat-abi=hard -mthumb -o "Core/Src/MIDI/MIDI.o"
arm-none-eabi-gcc -o "version6.elf" @"objects.list"   -mcpu=cortex-m4 -T"C:\Users\andep\STM32CubeIDE\workspace_TFG\version6\STM32F446RETX_FLASH.ld" --specs=nosys.specs -Wl,-Map="version6.map" -Wl,--gc-sections -static --specs=nano.specs -mfpu=fpv4-sp-d16 -mfloat-abi=hard -mthumb -Wl,--start-group -lc -lm -Wl,--end-group
Finished building target: version6.elf
 
arm-none-eabi-size   version6.elf 
arm-none-eabi-objdump -h -S  version6.elf  > "version6.list"
   text	   data	    bss	    dec	    hex	filename
  10656	     24	   1760	  12440	   3098	version6.elf
Finished building: default.size.stdout
 
Finished building: version6.list
 
23:46:46 **** Incremental Build of configuration Debug for project version6 ****
make -j8 all 
arm-none-eabi-gcc "../Core/Src/MIDI/MIDI.c" -mcpu=cortex-m4 -std=gnu11 -g3 -DDEBUG -DUSE_HAL_DRIVER -DSTM32F446xx -c -I../Core/Inc -I../Drivers/STM32F4xx_HAL_Driver/Inc -I../Drivers/STM32F4xx_HAL_Driver/Inc/Legacy -I../Drivers/CMSIS/Device/ST/STM32F4xx/Include -I../Drivers/CMSIS/Include -O0 -ffunction-sections -fdata-sections -Wall -fstack-usage -fcyclomatic-complexity -MMD -MP -MF"Core/Src/MIDI/MIDI.d" -MT"Core/Src/MIDI/MIDI.o" --specs=nano.specs -mfpu=fpv4-sp-d16 -mfloat-abi=hard -mthumb -o "Core/Src/MIDI/MIDI.o"
arm-none-eabi-gcc -o "version6.elf" @"objects.list"   -mcpu=cortex-m4 -T"C:\Users\andep\STM32CubeIDE\workspace_TFG\version6\STM32F446RETX_FLASH.ld" --specs=nosys.specs -Wl,-Map="version6.map" -Wl,--gc-sections -static --specs=nano.specs -mfpu=fpv4-sp-d16 -mfloat-abi=hard -mthumb -Wl,--start-group -lc -lm -Wl,--end-group
Finished building target: version6.elf
 
arm-none-eabi-size   version6.elf 
arm-none-eabi-objdump -h -S  version6.elf  > "version6.list"
   text	   data	    bss	    dec	    hex	filename
  10672	     24	   1760	  12456	   30a8	version6.elf
Finished building: default.size.stdout
 
Finished building: version6.list
 
23:47:39 **** Incremental Build of configuration Debug for project version6 ****
make -j8 all 
arm-none-eabi-gcc "../Core/Src/MIDI/MIDI.c" -mcpu=cortex-m4 -std=gnu11 -g3 -DDEBUG -DUSE_HAL_DRIVER -DSTM32F446xx -c -I../Core/Inc -I../Drivers/STM32F4xx_HAL_Driver/Inc -I../Drivers/STM32F4xx_HAL_Driver/Inc/Legacy -I../Drivers/CMSIS/Device/ST/STM32F4xx/Include -I../Drivers/CMSIS/Include -O0 -ffunction-sections -fdata-sections -Wall -fstack-usage -fcyclomatic-complexity -MMD -MP -MF"Core/Src/MIDI/MIDI.d" -MT"Core/Src/MIDI/MIDI.o" --specs=nano.specs -mfpu=fpv4-sp-d16 -mfloat-abi=hard -mthumb -o "Core/Src/MIDI/MIDI.o"
arm-none-eabi-gcc -o "version6.elf" @"objects.list"   -mcpu=cortex-m4 -T"C:\Users\andep\STM32CubeIDE\workspace_TFG\version6\STM32F446RETX_FLASH.ld" --specs=nosys.specs -Wl,-Map="version6.map" -Wl,--gc-sections -static --specs=nano.specs -mfpu=fpv4-sp-d16 -mfloat-abi=hard -mthumb -Wl,--start-group -lc -lm -Wl,--end-group
Finished building target: version6.elf
 
arm-none-eabi-size   version6.elf 
arm-none-eabi-objdump -h -S  version6.elf  > "version6.list"
   text	   data	    bss	    dec	    hex	filename
  10672	     24	   1760	  12456	   30a8	version6.elf
Finished building: default.size.stdout
 
Finished building: version6.list
 
23:50:54 **** Incremental Build of configuration Debug for project version6 ****
make -j8 all 
arm-none-eabi-gcc "../Core/Src/MIDI/MIDI.c" -mcpu=cortex-m4 -std=gnu11 -g3 -DDEBUG -DUSE_HAL_DRIVER -DSTM32F446xx -c -I../Core/Inc -I../Drivers/STM32F4xx_HAL_Driver/Inc -I../Drivers/STM32F4xx_HAL_Driver/Inc/Legacy -I../Drivers/CMSIS/Device/ST/STM32F4xx/Include -I../Drivers/CMSIS/Include -O0 -ffunction-sections -fdata-sections -Wall -fstack-usage -fcyclomatic-complexity -MMD -MP -MF"Core/Src/MIDI/MIDI.d" -MT"Core/Src/MIDI/MIDI.o" --specs=nano.specs -mfpu=fpv4-sp-d16 -mfloat-abi=hard -mthumb -o "Core/Src/MIDI/MIDI.o"
arm-none-eabi-gcc -o "version6.elf" @"objects.list"   -mcpu=cortex-m4 -T"C:\Users\andep\STM32CubeIDE\workspace_TFG\version6\STM32F446RETX_FLASH.ld" --specs=nosys.specs -Wl,-Map="version6.map" -Wl,--gc-sections -static --specs=nano.specs -mfpu=fpv4-sp-d16 -mfloat-abi=hard -mthumb -Wl,--start-group -lc -lm -Wl,--end-group
Finished building target: version6.elf
 
arm-none-eabi-size   version6.elf 
arm-none-eabi-objdump -h -S  version6.elf  > "version6.list"
   text	   data	    bss	    dec	    hex	filename
  10672	     24	   1760	  12456	   30a8	version6.elf
Finished building: default.size.stdout
 
Finished building: version6.list
 
