20:59:16 **** Incremental Build of configuration Debug for project pruebaBoton ****
make -j8 all 
arm-none-eabi-gcc "../Core/Src/main.c" -mcpu=cortex-m4 -std=gnu11 -g3 -DDEBUG -DUSE_HAL_DRIVER -DSTM32F446xx -c -I../Core/Inc -I../Drivers/STM32F4xx_HAL_Driver/Inc -I../Drivers/STM32F4xx_HAL_Driver/Inc/Legacy -I../Drivers/CMSIS/Device/ST/STM32F4xx/Include -I../Drivers/CMSIS/Include -O0 -ffunction-sections -fdata-sections -Wall -fstack-usage -fcyclomatic-complexity -MMD -MP -MF"Core/Src/main.d" -MT"Core/Src/main.o" --specs=nano.specs -mfpu=fpv4-sp-d16 -mfloat-abi=hard -mthumb -o "Core/Src/main.o"
arm-none-eabi-gcc -o "pruebaBoton.elf" @"objects.list"   -mcpu=cortex-m4 -T"C:\Users\andep\STM32CubeIDE\workspace_TFG\pruebaBoton\STM32F446RETX_FLASH.ld" --specs=nosys.specs -Wl,-Map="pruebaBoton.map" -Wl,--gc-sections -static --specs=nano.specs -mfpu=fpv4-sp-d16 -mfloat-abi=hard -mthumb -Wl,--start-group -lc -lm -Wl,--end-group
Finished building target: pruebaBoton.elf
 
arm-none-eabi-size   pruebaBoton.elf 
arm-none-eabi-objdump -h -S  pruebaBoton.elf  > "pruebaBoton.list"
   text	   data	    bss	    dec	    hex	filename
   8632	     20	   1636	  10288	   2830	pruebaBoton.elf
Finished building: default.size.stdout
 
Finished building: pruebaBoton.list
 

20:59:16 Build Finished. 0 errors, 0 warnings. (took 714ms)

