14:27:04 **** Incremental Build of configuration Debug for project version3 ****
make -j8 all 
arm-none-eabi-gcc "../Core/Src/MIDI/MIDI.c" -mcpu=cortex-m4 -std=gnu11 -g3 -DDEBUG -DUSE_HAL_DRIVER -DSTM32F446xx -c -I../Core/Inc -I../Drivers/STM32F4xx_HAL_Driver/Inc -I../Drivers/STM32F4xx_HAL_Driver/Inc/Legacy -I../Drivers/CMSIS/Device/ST/STM32F4xx/Include -I../Drivers/CMSIS/Include -O0 -ffunction-sections -fdata-sections -Wall -fstack-usage -fcyclomatic-complexity -MMD -MP -MF"Core/Src/MIDI/MIDI.d" -MT"Core/Src/MIDI/MIDI.o" --specs=nano.specs -mfpu=fpv4-sp-d16 -mfloat-abi=hard -mthumb -o "Core/Src/MIDI/MIDI.o"
arm-none-eabi-gcc -o "version3.elf" @"objects.list"   -mcpu=cortex-m4 -T"C:\Users\andep\STM32CubeIDE\workspace_TFG\version3\STM32F446RETX_FLASH.ld" --specs=nosys.specs -Wl,-Map="version3.map" -Wl,--gc-sections -static --specs=nano.specs -mfpu=fpv4-sp-d16 -mfloat-abi=hard -mthumb -Wl,--start-group -lc -lm -Wl,--end-group
Finished building target: version3.elf
 
arm-none-eabi-size   version3.elf 
arm-none-eabi-objdump -h -S  version3.elf  > "version3.list"
   text	   data	    bss	    dec	    hex	filename
  12116	     20	   1740	  13876	   3634	version3.elf
Finished building: default.size.stdout
 
Finished building: version3.list
 

14:27:05 Build Finished. 0 errors, 0 warnings. (took 764ms)

